C51 COMPILER V9.54   TIME                                                                  06/25/2018 12:00:40 PAGE 1   


C51 COMPILER V9.54, COMPILATION OF MODULE TIME
OBJECT MODULE PLACED IN time.obj
COMPILER INVOKED BY: C:\Keil_v5\C51\BIN\C51.EXE HEADWARE\time\time.c OPTIMIZE(8,SPEED) BROWSE INCDIR(.\HEADWARE;.\HEADWA
                    -RE\DELAY;.\HEADWARE\Usart;.\HEADWARE\time;.\HEADWARE\massage;.\HEADWARE\key) DEBUG OBJECTEXTEND PRINT(.\time.lst) TABS(2
                    -) OBJECT(time.obj)

line level    source

   1          #include "time.h"
   2          #include "massage.h"
   3          
   4          u8 heart_massage[6] = {0x7a,0x03,0x02,0x03,0x08,0x55};
   5          u8 coin_massage[6] = {0x7a,0x03,0x04,0x04,0x0b,0x55};
   6          u8 out_Gashapon_massage[6] = {0x7a,0x03,0x05,0x02,0x0b,0x55};
   7          /*******************************************************************************
   8          * 函 数 名         : void Timer0() interrupt 1
   9          * 函数功能       : 定时器0中断函数
  10          * 输    入         : 无
  11          * 输    出         : 无
  12          *******************************************************************************/
  13          void Timer0() interrupt 1
  14          {
  15   1        static u16 i;
  16   1        u16 x;
  17   1        TH0=(65536-300)/256;  //给定时器赋初值，定时0.3ms
  18   1        TL0=(65536-300)/256;
  19   1        i++;
  20   1        if(i==10000)
  21   1        {
  22   2          i=0;
  23   2          led0=~led0; 
  24   2      //    send_massage(heart_massage,6);
  25   2        } 
  26   1          if(out_Gashapon==0&&Gashapon == 0)    
  27   1          { 
  28   2            Gashapon = 1;
  29   2            send_massage(out_Gashapon_massage,6);
*** WARNING C182 IN LINE 29 OF HEADWARE\time\time.c: pointer to different objects
  30   2          } 
  31   1          if(coin==0&&Gashapon == 1)    
  32   1          { 
  33   2            Gashapon = 0;
  34   2            send_massage(coin_massage,6);
*** WARNING C182 IN LINE 34 OF HEADWARE\time\time.c: pointer to different objects
  35   2          }     
  36   1      }
*** WARNING C280 IN LINE 16 OF HEADWARE\time\time.c: 'x': unreferenced local variable
  37          
  38          /*******************************************************************************
  39          * 函 数 名         : Timer0Init
  40          * 函数功能       : 定时器0初始化
  41          * 输    入         : 无
  42          * 输    出         : 无
  43          *******************************************************************************/
  44          void Timer0Init()
  45          {
  46   1        TMOD|=0X01;//选择为定时器0模式，工作方式1，仅用TR0打开启动。
  47   1      
  48   1        TH0=0XFC; //给定时器赋初值，定时1ms
  49   1        TL0=0X18; 
  50   1        ET0=1;//打开定时器0中断允许
C51 COMPILER V9.54   TIME                                                                  06/25/2018 12:00:40 PAGE 2   

  51   1        EA=1;//打开总中断
  52   1        TR0=1;//打开定时器      
  53   1      }


MODULE INFORMATION:   STATIC OVERLAYABLE
   CODE SIZE        =    140    ----
   CONSTANT SIZE    =   ----    ----
   XDATA SIZE       =   ----    ----
   PDATA SIZE       =   ----    ----
   DATA SIZE        =     20       2
   IDATA SIZE       =   ----    ----
   BIT SIZE         =   ----    ----
END OF MODULE INFORMATION.


C51 COMPILATION COMPLETE.  3 WARNING(S),  0 ERROR(S)
